Test 862: Op - 2 A - 000000000000000000000000000000000000000000000000000000000000f8000000000000000000000000000000000000000000000000000000000000000000 B - 000000000000000000000000000000000000000000000000000000000000000000000000000000000000000000000000000000000000f0000000000000000000 Act - 00000000000000000000000000000000000000000000000000000000000000000000000000000000000000000000000000000000000020000000000000000000 Exp - 00000000000000000000000000000000000000000000000000000000000000000000000000000000000000000000000000000000000010000000000000000000 Res - FAIL
Test 1042: Op - 2 A - 0000000000000000000000000000000000000000000000000000000000000000000000000000000000000000000000000000000000000000f800000000000000 B - 08000000000000000000000000000000000000000000000000000000000000000000000000000000000000000000000000000000000000000000000000000000 Act - 0000000000000000000000000800000000000000000000000000000000000000000000000000000000000000000000000000000000000000f800000000000000 Exp - 0000000000000000000000000000000000000000000000000000000000000000000000000000000000000000000000000000000000000000f800000000000000 Res - FAIL
Test 1047: Op - 2 A - 0000000000000000000000000000000000000000000000000000000000000000000000000000000000000000000000000000000000000000f800000000000000 B - 00000000000000000000000008000000000000000000000000000000000000000000000000000000000000000000000000000000000000000000000000000000 Act - 00000000000000000000000000000000000000000000000000000000000000000000000000000000000000000000000000000000000000000000000000000000 Exp - 00000000000000000000000000000000000000000000000000000000000008000000000000000000000000000000000000000000000000000000000000000000 Res - FAIL
Test 1052: Op - 2 A - 0000000000000000000000000000000000000000000000000000000000000000000000000000000000000000000000000000000000000000f800000000000000 B - 00000000000000000000000000000800000000000000000000000000000000000000000000000000000000000000000000000000000000000000000000000000 Act - 00000000000000000000000000000000f80000000000000000000000000000000000000000000000000000000000000000000000000000000000000008000000 Exp - 00000000000000000000000000000000000000000000000000000000000000000000000000000000000000000000000000000000000000000000000008000000 Res - FAIL
Test 1057: Op - 2 A - 0000000000000000000000000000000000000000000000000000000000000000000000000000000000000000000000000000000000000000f800000000000000 B - 00000000000000000000000000000000080000000000000000000000000000000000000000000000000000000000000000000000000000000000000000000000 Act - 00000000000000000000000000000800000000000000000000000000000000000000000000000000000000000000000000000000000000000000f80000000000 Exp - 00000000000000000000000000000000000000000000000000000000000000000000000000000000000000000000000000000000000000000000f80000000000 Res - FAIL
Test 1077: Op - 2 A - 0000000000000000000000000000000000000000000000000000000000000000000000000000000000000000000000000000000000000000f800000000000000 B - 000000000000000000000000000000000000000000000000f0000000000000000000000000000000000000000000000000000000000000000000000000000000 Act - 00000000000000000000000000000000000000000000000000000000000000000000000000000000000000000000000000000000000000000000000000000000 Exp - 0000000000000000000000000000000000000000000000000000f000000000000000000000000000000000000000000000000000000000000000000000000000 Res - FAIL
Test 1082: Op - 2 A - 0000000000000000000000000000000000000000000000000000000000000000000000000000000000000000000000000000000000000000f800000000000000 B - 0000000000000000000000000000000000000000000000000000f000000000000000000000000000000000000000000000000000000000000000000000000000 Act - 00000000000000000000000000000000000000000000000000000000100000000000000000000000000000000000000000000000000000000000000000000000 Exp - 00000000000000000000000000000000000000000000000010000000000000000000000000000000000000000000000000000000000000000000000000000000 Res - FAIL
Test 1087: Op - 2 A - 0000000000000000000000000000000000000000000000000000000000000000000000000000000000000000000000000000000000000000f800000000000000 B - 00000000000000000000000000000000000000000000000000000000f00000000000000000000000000000000000000000000000000000000000000000000000 Act - 00000000000000000000000000000000000000000000000000000000000000000000000000000000000000000000000000000000000000000000000000000000 Exp - 00000000000000000000000000000000000000000000000000000000000000000000000000000000000000000000000000000000000010000000000000000000 Res - FAIL
Test 1102: Op - 2 A - 0000000000000000000000000000000000000000000000000000000000000000000000000000000000000000000000000000000000000000f800000000000000 B - 000000000000000000000000000000000000000000000000000000000000000000000000000000000000000000000000000000000000f0000000000000000000 Act - 00000000000000000000000000000000000000000000000000000000000000000000000000000000000000000000000000000000000000000000000000000000 Exp - 00000000000000000000000000000000000000000000000000000000f00000000000000000000000000000000000000000000000000000000000000000000000 Res - FAIL
Test 1112: Op - 2 A - 0000000000000000000000000000000000000000000000000000000000000000000000000000000000000000000000000000000000000000f800000000000000 B - 00000000000000000000000000000000000000000000000000000000000000000000000000000000000000000000000000000000000000000000f80000000000 Act - 00000000000000000000000000000000f80000000000000000000000000000000000000000000000000000000000000000000000000000000000000008000000 Exp - 00000000000000000000000000000000f80000000000000000000000000000000000000000000000000000000000000000000000000000000000000000000000 Res - FAIL
Test 1117: Op - 2 A - 0000000000000000000000000000000000000000000000000000000000000000000000000000000000000000000000000000000000000000f800000000000000 B - 000000000000000000000000000000000000000000000000000000000000000000000000000000000000000000000000000000000000000000000000f8000000 Act - 00000000000000000000000000000800000000000000000000000000000000000000000000000000000000000000000000000000000000000000f80000000000 Exp - 00000000000000000000000000000800000000000000000000000000000000000000000000000000000000000000000000000000000000000000000000000000 Res - FAIL
Test 1122: Op - 2 A - 00000000000000000000000000000000000000000000000000000000000000000000000000000000000000000000000000000000000000000000f80000000000 B - 08000000000000000000000000000000000000000000000000000000000000000000000000000000000000000000000000000000000000000000000000000000 Act - 00000000000000000000000000000800000000000000000000000000000000000000000000000000000000000000000000000000000000000000f80000000000 Exp - 00000000000000000000000000000000000000000000000000000000000000000000000000000000000000000000000000000000000000000000f80000000000 Res - FAIL
Test 1127: Op - 2 A - 00000000000000000000000000000000000000000000000000000000000000000000000000000000000000000000000000000000000000000000f80000000000 B - 00000000000000000000000008000000000000000000000000000000000000000000000000000000000000000000000000000000000000000000000000000000 Act - 000000000000000000000000000000000800000000000000000000000000000000000000000000000000000000000000000000000000000000000000f8000000 Exp - 000000000000000000000000000000000000000000000000000000000000000000000000000000000000000000000000000000000000000000000000f8000000 Res - FAIL
Test 1132: Op - 2 A - 00000000000000000000000000000000000000000000000000000000000000000000000000000000000000000000000000000000000000000000f80000000000 B - 00000000000000000000000000000800000000000000000000000000000000000000000000000000000000000000000000000000000000000000000000000000 Act - 00000000000000000000000000000000000000000000000000000000000000000000000000000000000000000000000000000000000000000000000000000000 Exp - 00000000000000000000000000000000000000000000000000000000000008000000000000000000000000000000000000000000000000000000000000000000 Res - FAIL
Test 1137: Op - 2 A - 00000000000000000000000000000000000000000000000000000000000000000000000000000000000000000000000000000000000000000000f80000000000 B - 00000000000000000000000000000000080000000000000000000000000000000000000000000000000000000000000000000000000000000000000000000000 Act - 000000000000000000000000f8000000000000000000000000000000000000000000000000000000000000000000000000000000000000000800000000000000 Exp - 00000000000000000000000000000000000000000000000000000000000000000000000000000000000000000000000000000000000000000800000000000000 Res - FAIL
Test 1144: Op - 4 A - 00000000000000000000000000000000000000000000000000000000000000000000000000000000000000000000000000000000000000000000f80000000000 B - 00000000000000000000000000000000000004000000000000000000000000000000000000000000000000000000000000000000000000000000000000000000 Act - 00000000000000000000000000000000000000000000fc0000000000000000000000000000000000000000000000000000000000000000000000000000000000 Exp - 00000000000000000000000000000000000000000000000000000000000000000000000000000000000000000000000000000000000000000000000000000000 Res - FAIL
Test 1157: Op - 2 A - 00000000000000000000000000000000000000000000000000000000000000000000000000000000000000000000000000000000000000000000f80000000000 B - 000000000000000000000000000000000000000000000000f0000000000000000000000000000000000000000000000000000000000000000000000000000000 Act - 00000000000000000000000000000000000000000000000000000000000000000000000000000000000000000000000000000000000000000000000000000000 Exp - 00000000000000000000000000000000000000000000000000000000f00000000000000000000000000000000000000000000000000000000000000000000000 Res - FAIL
Test 1162: Op - 2 A - 00000000000000000000000000000000000000000000000000000000000000000000000000000000000000000000000000000000000000000000f80000000000 B - 0000000000000000000000000000000000000000000000000000f000000000000000000000000000000000000000000000000000000000000000000000000000 Act - 00000000000000000000000000000000000000000000000000000000000000000000000000000000000000000000000000000000000000000000000000000000 Exp - 000000000000000000000000000000000000000000000000000000000000000000000000000000000000000000000000000000000000f0000000000000000000 Res - FAIL
Test 1182: Op - 2 A - 00000000000000000000000000000000000000000000000000000000000000000000000000000000000000000000000000000000000000000000f80000000000 B - 000000000000000000000000000000000000000000000000000000000000000000000000000000000000000000000000000000000000f0000000000000000000 Act - 00000000000000000000000000000000000000000000000000000000000000000000000000000000000000000000000000000000000000000000000000000000 Exp - 00000000000000000000000000000000000000000000000000001000000000000000000000000000000000000000000000000000000000000000000000000000 Res - FAIL
Test 1187: Op - 2 A - 00000000000000000000000000000000000000000000000000000000000000000000000000000000000000000000000000000000000000000000f80000000000 B - 0000000000000000000000000000000000000000000000000000000000000000000000000000000000000000000000000000000000000000f800000000000000 Act - 000000000000000000000000000000000800000000000000000000000000000000000000000000000000000000000000000000000000000000000000f8000000 Exp - 00000000000000000000000000000000080000000000000000000000000000000000000000000000000000000000000000000000000000000000000000000000 Res - FAIL
Test 1197: Op - 2 A - 00000000000000000000000000000000000000000000000000000000000000000000000000000000000000000000000000000000000000000000f80000000000 B - 000000000000000000000000000000000000000000000000000000000000000000000000000000000000000000000000000000000000000000000000f8000000 Act - 000000000000000000000000f8000000000000000000000000000000000000000000000000000000000000000000000000000000000000000800000000000000 Exp - 000000000000000000000000f8000000000000000000000000000000000000000000000000000000000000000000000000000000000000000000000000000000 Res - FAIL
Test 1202: Op - 2 A - 000000000000000000000000000000000000000000000000000000000000000000000000000000000000000000000000000000000000000000000000f8000000 B - 08000000000000000000000000000000000000000000000000000000000000000000000000000000000000000000000000000000000000000000000000000000 Act - 000000000000000000000000000000000800000000000000000000000000000000000000000000000000000000000000000000000000000000000000f8000000 Exp - 000000000000000000000000000000000000000000000000000000000000000000000000000000000000000000000000000000000000000000000000f8000000 Res - FAIL
Test 1207: Op - 2 A - 000000000000000000000000000000000000000000000000000000000000000000000000000000000000000000000000000000000000000000000000f8000000 B - 00000000000000000000000008000000000000000000000000000000000000000000000000000000000000000000000000000000000000000000000000000000 Act - 0000000000000000000000000000f800000000000000000000000000000000000000000000000000000000000000000000000000000000000000080000000000 Exp - 00000000000000000000000000000000000000000000000000000000000000000000000000000000000000000000000000000000000000000000080000000000 Res - FAIL
Test 1212: Op - 2 A - 000000000000000000000000000000000000000000000000000000000000000000000000000000000000000000000000000000000000000000000000f8000000 B - 00000000000000000000000000000800000000000000000000000000000000000000000000000000000000000000000000000000000000000000000000000000 Act - 0000000000000000000000000800000000000000000000000000000000000000000000000000000000000000000000000000000000000000f800000000000000 Exp - 0000000000000000000000000000000000000000000000000000000000000000000000000000000000000000000000000000000000000000f800000000000000 Res - FAIL
Test 1217: Op - 2 A - 000000000000000000000000000000000000000000000000000000000000000000000000000000000000000000000000000000000000000000000000f8000000 B - 00000000000000000000000000000000080000000000000000000000000000000000000000000000000000000000000000000000000000000000000000000000 Act - 00000000000000000000000000000000000000000000000000000000000000000000000000000000000000000000000000000000000000000000000000000000 Exp - 00000000000000000000000000000000000000000000000000000000000008000000000000000000000000000000000000000000000000000000000000000000 Res - FAIL
Test 1229: Op - 4 A - 000000000000000000000000000000000000000000000000000000000000000000000000000000000000000000000000000000000000000000000000f8000000 B - 00000000000000000000000000000000000000000400000000000000000000000000000000000000000000000000000000000000000000000000000000000000 Act - 00000000000000000000000000000000000000000000fc0000000000000000000000000000000000000000000000000000000000000000000000000000000000 Exp - 00000000000000000000000000000000000000000000000000000000000000000000000000000000000000000000000000000000000000000000000000000000 Res - FAIL
Test 1237: Op - 2 A - 000000000000000000000000000000000000000000000000000000000000000000000000000000000000000000000000000000000000000000000000f8000000 B - 000000000000000000000000000000000000000000000000f0000000000000000000000000000000000000000000000000000000000000000000000000000000 Act - 00000000000000000000000000000000000000000000000000000000000000000000000000000000000000000000000000000000000000000000000000000000 Exp - 00000000000000000000000000000000000000000000000000000000000000000000000000000000000000000000000000000000000010000000000000000000 Res - FAIL
Test 1242: Op - 2 A - 000000000000000000000000000000000000000000000000000000000000000000000000000000000000000000000000000000000000000000000000f8000000 B - 0000000000000000000000000000000000000000000000000000f000000000000000000000000000000000000000000000000000000000000000000000000000 Act - 00000000000000000000000000000000000000000000000000000000000000000000000000000000000000000000000000000000000000000000000000000000 Exp - 00000000000000000000000000000000000000000000000000000000f00000000000000000000000000000000000000000000000000000000000000000000000 Res - FAIL
Test 1262: Op - 2 A - 000000000000000000000000000000000000000000000000000000000000000000000000000000000000000000000000000000000000000000000000f8000000 B - 000000000000000000000000000000000000000000000000000000000000000000000000000000000000000000000000000000000000f0000000000000000000 Act - 00000000000000000000000000000000000000000000000000000000000000000000000000000000000000000000000000000000000000000000000000000000 Exp - 000000000000000000000000000000000000000000000000f0000000000000000000000000000000000000000000000000000000000000000000000000000000 Res - FAIL
Test 1267: Op - 2 A - 000000000000000000000000000000000000000000000000000000000000000000000000000000000000000000000000000000000000000000000000f8000000 B - 0000000000000000000000000000000000000000000000000000000000000000000000000000000000000000000000000000000000000000f800000000000000 Act - 0000000000000000000000000000f800000000000000000000000000000000000000000000000000000000000000000000000000000000000000080000000000 Exp - 0000000000000000000000000000f800000000000000000000000000000000000000000000000000000000000000000000000000000000000000000000000000 Res - FAIL
Test 1272: Op - 2 A - 000000000000000000000000000000000000000000000000000000000000000000000000000000000000000000000000000000000000000000000000f8000000 B - 00000000000000000000000000000000000000000000000000000000000000000000000000000000000000000000000000000000000000000000f80000000000 Act - 0000000000000000000000000800000000000000000000000000000000000000000000000000000000000000000000000000000000000000f800000000000000 Exp - 00000000000000000000000008000000000000000000000000000000000000000000000000000000000000000000000000000000000000000000000000000000 Res - FAIL
*** 31 TESTS FAILED ***
Use 'grep "| MUL |.*FAIL"' to find all MUL failures
Use 'grep "| DOT |.*FAIL"' to find all DOT failures
